in_source: |-
  a

in_stdin: |-
  ./input/hello_user_name.txt
out_code_debug: |-
  a
out_stdout: |
  a
out_log: |
  a
